<?xml version="1.0" encoding="utf-8"?><testsuites><testsuite name="pytest" errors="0" failures="0" skipped="0" tests="8" time="0.054" timestamp="2025-02-15T14:52:38.172600-05:00" hostname="Shounaks-Air.lan"><testcase classname="tests.unit.test_calculator" name="test_add" time="0.001" /><testcase classname="tests.unit.test_calculator" name="test_subtract" time="0.000" /><testcase classname="tests.unit.test_calculator" name="test_multiply" time="0.000" /><testcase classname="tests.unit.test_logger" name="test_log_operation" time="0.000" /><testcase classname="tests.unit.test_notifier" name="test_send_notification" time="0.000" /><testcase classname="tests.integration.test_calc_logger_integration" name="test_calc_logger_integration" time="0.000" /><testcase classname="tests.integration.test_calc_notifier_integration" name="test_logger_notifier_integration" time="0.000" /><testcase classname="tests.end_to_end.test_e2e" name="test_end_to_end" time="0.000" /></testsuite></testsuites>